../Core/Src/main.c:88:5:main	8	static
../Core/Src/main.c:145:6:SystemClock_Config	72	static
../Core/Src/main.c:182:6:Motor_Init	8	static
../Core/Src/main.c:188:6:Motor_Enable	8	static
../Core/Src/main.c:193:6:Motor_Disable	8	static
../Core/Src/main.c:198:6:Motor_GirarPasos	24	static
../Core/Src/main.c:223:6:Motor_Girar180	16	static
../Core/Src/main.c:229:6:Motor_GirarAngulo	24	static
../Core/Src/main.c:237:6:Motor_MoverA	24	static
../Core/Src/main.c:269:6:Error_Handler	4	static,ignoring_inline_asm
